<?xml version="1.0" encoding="utf-8"?><testsuite errors="0" failures="0" name="pytest" skips="0" tests="7" time="0.032"><testcase classname="test_find_summable_elements" file="test_find_summable_elements.py" line="5" name="test_empty" time="0.0006439685821533203"></testcase><testcase classname="test_find_summable_elements" file="test_find_summable_elements.py" line="8" name="test_two_no_results" time="0.0006861686706542969"></testcase><testcase classname="test_find_summable_elements" file="test_find_summable_elements.py" line="11" name="test_two_one_result" time="0.0005271434783935547"></testcase><testcase classname="test_find_summable_elements" file="test_find_summable_elements.py" line="15" name="test_simple" time="0.0007593631744384766"></testcase><testcase classname="test_find_summable_elements" file="test_find_summable_elements.py" line="18" name="test_duplicates" time="0.001413106918334961"></testcase><testcase classname="test_find_summable_elements" file="test_find_summable_elements.py" line="23" name="test_half_value" time="0.0015590190887451172"></testcase><testcase classname="test_find_summable_elements" file="test_find_summable_elements.py" line="30" name="test_negative_values" time="0.0006163120269775391"></testcase></testsuite>